208.109.80.101 - - [27/Aug/2009:09:39:56 -0700] "GET valleyplanet.com/design.css HTTP/1.1" 304 - "http://valleyplanet.com.previewdns.com/store.php" "Mozilla/5.0 (Macintosh; U; PPC Mac OS X Mach-O; en-US; rv:1.8.1.20) Gecko/20081217 Firefox/2.0.0.20"
208.109.80.101 - - [27/Aug/2009:09:39:57 -0700] "GET valleyplanet.com/TypingText.js HTTP/1.1" 404 1695 "http://valleyplanet.com.previewdns.com/store.php" "Mozilla/5.0 (Macintosh; U; PPC Mac OS X Mach-O; en-US; rv:1.8.1.20) Gecko/20081217 Firefox/2.0.0.20"
208.109.80.101 - - [27/Aug/2009:09:39:57 -0700] "GET valleyplanet.com/images/bg.jpg HTTP/1.1" 304 - "http://valleyplanet.com.previewdns.com/design.css" "Mozilla/5.0 (Macintosh; U; PPC Mac OS X Mach-O; en-US; rv:1.8.1.20) Gecko/20081217 Firefox/2.0.0.20"
208.109.80.101 - - [27/Aug/2009:09:39:57 -0700] "GET valleyplanet.com/images/adimage.php.gif HTTP/1.1" 200 87015 "http://valleyplanet.com.previewdns.com/store.php" "Mozilla/5.0 (Macintosh; U; PPC Mac OS X Mach-O; en-US; rv:1.8.1.20) Gecko/20081217 Firefox/2.0.0.20"
208.109.80.101 - - [27/Aug/2009:09:39:57 -0700] "GET valleyplanet.com/images/home.gif HTTP/1.1" 304 - "http://valleyplanet.com.previewdns.com/store.php" "Mozilla/5.0 (Macintosh; U; PPC Mac OS X Mach-O; en-US; rv:1.8.1.20) Gecko/20081217 Firefox/2.0.0.20"
208.109.80.101 - - [27/Aug/2009:09:39:57 -0700] "GET valleyplanet.com/images/store/1.jpg HTTP/1.1" 304 - "http://valleyplanet.com.previewdns.com/store.php" "Mozilla/5.0 (Macintosh; U; PPC Mac OS X Mach-O; en-US; rv:1.8.1.20) Gecko/20081217 Firefox/2.0.0.20"
208.109.80.101 - - [27/Aug/2009:09:39:57 -0700] "GET valleyplanet.com/images/store/1b.jpg HTTP/1.1" 304 - "http://valleyplanet.com.previewdns.com/store.php" "Mozilla/5.0 (Macintosh; U; PPC Mac OS X Mach-O; en-US; rv:1.8.1.20) Gecko/20081217 Firefox/2.0.0.20"
208.109.80.101 - - [27/Aug/2009:09:39:57 -0700] "GET valleyplanet.com/images/store/2.jpg HTTP/1.1" 304 - "http://valleyplanet.com.previewdns.com/store.php" "Mozilla/5.0 (Macintosh; U; PPC Mac OS X Mach-O; en-US; rv:1.8.1.20) Gecko/20081217 Firefox/2.0.0.20"
208.109.80.101 - - [27/Aug/2009:09:39:58 -0700] "GET valleyplanet.com/images/store/2b.jpg HTTP/1.1" 304 - "http://valleyplanet.com.previewdns.com/store.php" "Mozilla/5.0 (Macintosh; U; PPC Mac OS X Mach-O; en-US; rv:1.8.1.20) Gecko/20081217 Firefox/2.0.0.20"
208.109.80.101 - - [27/Aug/2009:09:39:58 -0700] "GET valleyplanet.com/images/store/3.jpg HTTP/1.1" 304 - "http://valleyplanet.com.previewdns.com/store.php" "Mozilla/5.0 (Macintosh; U; PPC Mac OS X Mach-O; en-US; rv:1.8.1.20) Gecko/20081217 Firefox/2.0.0.20"
208.109.80.101 - - [27/Aug/2009:09:39:58 -0700] "GET valleyplanet.com/images/adimage3.gif HTTP/1.1" 304 - "http://valleyplanet.com.previewdns.com/store.php" "Mozilla/5.0 (Macintosh; U; PPC Mac OS X Mach-O; en-US; rv:1.8.1.20) Gecko/20081217 Firefox/2.0.0.20"
208.109.80.101 - - [27/Aug/2009:09:39:58 -0700] "GET valleyplanet.com/images/adimage2.php.gif HTTP/1.1" 200 15587 "http://valleyplanet.com.previewdns.com/store.php" "Mozilla/5.0 (Macintosh; U; PPC Mac OS X Mach-O; en-US; rv:1.8.1.20) Gecko/20081217 Firefox/2.0.0.20"
208.109.80.101 - - [27/Aug/2009:09:39:58 -0700] "GET valleyplanet.com/images/header.jpg HTTP/1.1" 304 - "http://valleyplanet.com.previewdns.com/design.css" "Mozilla/5.0 (Macintosh; U; PPC Mac OS X Mach-O; en-US; rv:1.8.1.20) Gecko/20081217 Firefox/2.0.0.20"
208.109.80.101 - - [27/Aug/2009:09:39:58 -0700] "GET valleyplanet.com/images/contentbg.jpg HTTP/1.1" 304 - "http://valleyplanet.com.previewdns.com/design.css" "Mozilla/5.0 (Macintosh; U; PPC Mac OS X Mach-O; en-US; rv:1.8.1.20) Gecko/20081217 Firefox/2.0.0.20"
208.109.80.101 - - [27/Aug/2009:09:39:58 -0700] "GET valleyplanet.com/images/linkbg.jpg HTTP/1.1" 304 - "http://valleyplanet.com.previewdns.com/design.css" "Mozilla/5.0 (Macintosh; U; PPC Mac OS X Mach-O; en-US; rv:1.8.1.20) Gecko/20081217 Firefox/2.0.0.20"
208.109.80.101 - - [27/Aug/2009:09:39:58 -0700] "GET valleyplanet.com/images/linkbg2.jpg HTTP/1.1" 304 - "http://valleyplanet.com.previewdns.com/store.php" "Mozilla/5.0 (Macintosh; U; PPC Mac OS X Mach-O; en-US; rv:1.8.1.20) Gecko/20081217 Firefox/2.0.0.20"
208.109.80.101 - - [27/Aug/2009:09:39:58 -0700] "GET valleyplanet.com/images/footer.jpg HTTP/1.1" 304 - "http://valleyplanet.com.previewdns.com/design.css" "Mozilla/5.0 (Macintosh; U; PPC Mac OS X Mach-O; en-US; rv:1.8.1.20) Gecko/20081217 Firefox/2.0.0.20"
208.109.80.101 - - [27/Aug/2009:09:40:13 -0700] "GET valleyplanet.com/store.php HTTP/1.1" 200 19094 "-" "Mozilla/5.0 (Macintosh; U; PPC Mac OS X Mach-O; en-US; rv:1.8.1.20) Gecko/20081217 Firefox/2.0.0.20"
208.109.80.102 - - [27/Aug/2009:09:40:13 -0700] "GET valleyplanet.com/design.css HTTP/1.1" 304 - "http://valleyplanet.com.previewdns.com/store.php" "Mozilla/5.0 (Macintosh; U; PPC Mac OS X Mach-O; en-US; rv:1.8.1.20) Gecko/20081217 Firefox/2.0.0.20"
208.109.80.102 - - [27/Aug/2009:09:40:13 -0700] "GET valleyplanet.com/TypingText.js HTTP/1.1" 404 1695 "http://valleyplanet.com.previewdns.com/store.php" "Mozilla/5.0 (Macintosh; U; PPC Mac OS X Mach-O; en-US; rv:1.8.1.20) Gecko/20081217 Firefox/2.0.0.20"
208.109.80.101 - - [27/Aug/2009:09:40:13 -0700] "GET valleyplanet.com/images/bg.jpg HTTP/1.1" 304 - "http://valleyplanet.com.previewdns.com/design.css" "Mozilla/5.0 (Macintosh; U; PPC Mac OS X Mach-O; en-US; rv:1.8.1.20) Gecko/20081217 Firefox/2.0.0.20"
208.109.80.102 - - [27/Aug/2009:09:40:14 -0700] "GET valleyplanet.com/images/adimage.php.gif HTTP/1.1" 200 87245 "http://valleyplanet.com.previewdns.com/store.php" "Mozilla/5.0 (Macintosh; U; PPC Mac OS X Mach-O; en-US; rv:1.8.1.20) Gecko/20081217 Firefox/2.0.0.20"
208.109.80.101 - - [27/Aug/2009:09:40:14 -0700] "GET valleyplanet.com/images/home.gif HTTP/1.1" 304 - "http://valleyplanet.com.previewdns.com/store.php" "Mozilla/5.0 (Macintosh; U; PPC Mac OS X Mach-O; en-US; rv:1.8.1.20) Gecko/20081217 Firefox/2.0.0.20"
208.109.80.101 - - [27/Aug/2009:09:40:14 -0700] "GET valleyplanet.com/images/store/1.jpg HTTP/1.1" 304 - "http://valleyplanet.com.previewdns.com/store.php" "Mozilla/5.0 (Macintosh; U; PPC Mac OS X Mach-O; en-US; rv:1.8.1.20) Gecko/20081217 Firefox/2.0.0.20"
208.109.80.101 - - [27/Aug/2009:09:40:14 -0700] "GET valleyplanet.com/images/store/1b.jpg HTTP/1.1" 304 - "http://valleyplanet.com.previewdns.com/store.php" "Mozilla/5.0 (Macintosh; U; PPC Mac OS X Mach-O; en-US; rv:1.8.1.20) Gecko/20081217 Firefox/2.0.0.20"
208.109.80.101 - - [27/Aug/2009:09:40:14 -0700] "GET valleyplanet.com/images/store/2.jpg HTTP/1.1" 304 - "http://valleyplanet.com.previewdns.com/store.php" "Mozilla/5.0 (Macintosh; U; PPC Mac OS X Mach-O; en-US; rv:1.8.1.20) Gecko/20081217 Firefox/2.0.0.20"
208.109.80.101 - - [27/Aug/2009:09:40:14 -0700] "GET valleyplanet.com/images/store/2b.jpg HTTP/1.1" 304 - "http://valleyplanet.com.previewdns.com/store.php" "Mozilla/5.0 (Macintosh; U; PPC Mac OS X Mach-O; en-US; rv:1.8.1.20) Gecko/20081217 Firefox/2.0.0.20"
208.109.80.102 - - [27/Aug/2009:09:40:14 -0700] "GET valleyplanet.com/images/store/3.jpg HTTP/1.1" 304 - "http://valleyplanet.com.previewdns.com/store.php" "Mozilla/5.0 (Macintosh; U; PPC Mac OS X Mach-O; en-US; rv:1.8.1.20) Gecko/20081217 Firefox/2.0.0.20"
208.109.80.101 - - [27/Aug/2009:09:40:14 -0700] "GET valleyplanet.com/images/adimage2.php.gif HTTP/1.1" 200 15594 "http://valleyplanet.com.previewdns.com/store.php" "Mozilla/5.0 (Macintosh; U; PPC Mac OS X Mach-O; en-US; rv:1.8.1.20) Gecko/20081217 Firefox/2.0.0.20"
208.109.80.102 - - [27/Aug/2009:09:40:14 -0700] "GET valleyplanet.com/images/adimage3.gif HTTP/1.1" 304 - "http://valleyplanet.com.previewdns.com/store.php" "Mozilla/5.0 (Macintosh; U; PPC Mac OS X Mach-O; en-US; rv:1.8.1.20) Gecko/20081217 Firefox/2.0.0.20"
208.109.80.102 - - [27/Aug/2009:09:40:14 -0700] "GET valleyplanet.com/images/header.jpg HTTP/1.1" 304 - "http://valleyplanet.com.previewdns.com/design.css" "Mozilla/5.0 (Macintosh; U; PPC Mac OS X Mach-O; en-US; rv:1.8.1.20) Gecko/20081217 Firefox/2.0.0.20"
208.109.80.102 - - [27/Aug/2009:09:40:14 -0700] "GET valleyplanet.com/images/contentbg.jpg HTTP/1.1" 304 - "http://valleyplanet.com.previewdns.com/design.css" "Mozilla/5.0 (Macintosh; U; PPC Mac OS X Mach-O; en-US; rv:1.8.1.20) Gecko/20081217 Firefox/2.0.0.20"
208.109.80.101 - - [27/Aug/2009:09:40:14 -0700] "GET valleyplanet.com/images/linkbg.jpg HTTP/1.1" 304 - "http://valleyplanet.com.previewdns.com/design.css" "Mozilla/5.0 (Macintosh; U; PPC Mac OS X Mach-O; en-US; rv:1.8.1.20) Gecko/20081217 Firefox/2.0.0.20"
208.109.80.102 - - [27/Aug/2009:09:40:14 -0700] "GET valleyplanet.com/images/linkbg2.jpg HTTP/1.1" 304 - "http://valleyplanet.com.previewdns.com/store.php" "Mozilla/5.0 (Macintosh; U; PPC Mac OS X Mach-O; en-US; rv:1.8.1.20) Gecko/20081217 Firefox/2.0.0.20"
208.109.80.101 - - [27/Aug/2009:09:40:14 -0700] "GET valleyplanet.com/images/footer.jpg HTTP/1.1" 304 - "http://valleyplanet.com.previewdns.com/design.css" "Mozilla/5.0 (Macintosh; U; PPC Mac OS X Mach-O; en-US; rv:1.8.1.20) Gecko/20081217 Firefox/2.0.0.20"
208.109.80.102 - - [27/Aug/2009:09:40:31 -0700] "GET valleyplanet.com/store.php HTTP/1.1" 200 18234 "-" "Mozilla/5.0 (Macintosh; U; PPC Mac OS X Mach-O; en-US; rv:1.8.1.20) Gecko/20081217 Firefox/2.0.0.20"
208.109.80.101 - - [27/Aug/2009:09:40:31 -0700] "GET valleyplanet.com/design.css HTTP/1.1" 304 - "http://valleyplanet.com.previewdns.com/store.php" "Mozilla/5.0 (Macintosh; U; PPC Mac OS X Mach-O; en-US; rv:1.8.1.20) Gecko/20081217 Firefox/2.0.0.20"
208.109.80.101 - - [27/Aug/2009:09:40:31 -0700] "GET valleyplanet.com/TypingText.js HTTP/1.1" 404 1695 "http://valleyplanet.com.previewdns.com/store.php" "Mozilla/5.0 (Macintosh; U; PPC Mac OS X Mach-O; en-US; rv:1.8.1.20) Gecko/20081217 Firefox/2.0.0.20"
208.109.80.102 - - [27/Aug/2009:09:40:31 -0700] "GET valleyplanet.com/images/bg.jpg HTTP/1.1" 304 - "http://valleyplanet.com.previewdns.com/design.css" "Mozilla/5.0 (Macintosh; U; PPC Mac OS X Mach-O; en-US; rv:1.8.1.20) Gecko/20081217 Firefox/2.0.0.20"
208.109.80.101 - - [27/Aug/2009:09:40:31 -0700] "GET valleyplanet.com/images/adimage.php.gif HTTP/1.1" 200 87016 "http://valleyplanet.com.previewdns.com/store.php" "Mozilla/5.0 (Macintosh; U; PPC Mac OS X Mach-O; en-US; rv:1.8.1.20) Gecko/20081217 Firefox/2.0.0.20"
208.109.80.102 - - [27/Aug/2009:09:40:31 -0700] "GET valleyplanet.com/images/home.gif HTTP/1.1" 304 - "http://valleyplanet.com.previewdns.com/store.php" "Mozilla/5.0 (Macintosh; U; PPC Mac OS X Mach-O; en-US; rv:1.8.1.20) Gecko/20081217 Firefox/2.0.0.20"
208.109.80.102 - - [27/Aug/2009:09:40:32 -0700] "GET valleyplanet.com/images/store/1.jpg HTTP/1.1" 304 - "http://valleyplanet.com.previewdns.com/store.php" "Mozilla/5.0 (Macintosh; U; PPC Mac OS X Mach-O; en-US; rv:1.8.1.20) Gecko/20081217 Firefox/2.0.0.20"
208.109.80.102 - - [27/Aug/2009:09:40:32 -0700] "GET valleyplanet.com/images/store/1b.jpg HTTP/1.1" 304 - "http://valleyplanet.com.previewdns.com/store.php" "Mozilla/5.0 (Macintosh; U; PPC Mac OS X Mach-O; en-US; rv:1.8.1.20) Gecko/20081217 Firefox/2.0.0.20"
208.109.80.102 - - [27/Aug/2009:09:40:32 -0700] "GET valleyplanet.com/images/store/2.jpg HTTP/1.1" 304 - "http://valleyplanet.com.previewdns.com/store.php" "Mozilla/5.0 (Macintosh; U; PPC Mac OS X Mach-O; en-US; rv:1.8.1.20) Gecko/20081217 Firefox/2.0.0.20"
208.109.80.101 - - [27/Aug/2009:09:40:32 -0700] "GET valleyplanet.com/images/store/2b.jpg HTTP/1.1" 304 - "http://valleyplanet.com.previewdns.com/store.php" "Mozilla/5.0 (Macintosh; U; PPC Mac OS X Mach-O; en-US; rv:1.8.1.20) Gecko/20081217 Firefox/2.0.0.20"
208.109.80.102 - - [27/Aug/2009:09:40:32 -0700] "GET valleyplanet.com/images/store/3.jpg HTTP/1.1" 304 - "http://valleyplanet.com.previewdns.com/store.php" "Mozilla/5.0 (Macintosh; U; PPC Mac OS X Mach-O; en-US; rv:1.8.1.20) Gecko/20081217 Firefox/2.0.0.20"
208.109.80.102 - - [27/Aug/2009:09:40:32 -0700] "GET valleyplanet.com/images/adimage3.gif HTTP/1.1" 304 - "http://valleyplanet.com.previewdns.com/store.php" "Mozilla/5.0 (Macintosh; U; PPC Mac OS X Mach-O; en-US; rv:1.8.1.20) Gecko/20081217 Firefox/2.0.0.20"
208.109.80.101 - - [27/Aug/2009:09:40:32 -0700] "GET valleyplanet.com/images/adimage2.php.gif HTTP/1.1" 200 15594 "http://valleyplanet.com.previewdns.com/store.php" "Mozilla/5.0 (Macintosh; U; PPC Mac OS X Mach-O; en-US; rv:1.8.1.20) Gecko/20081217 Firefox/2.0.0.20"
208.109.80.102 - - [27/Aug/2009:09:40:32 -0700] "GET valleyplanet.com/images/header.jpg HTTP/1.1" 304 - "http://valleyplanet.com.previewdns.com/design.css" "Mozilla/5.0 (Macintosh; U; PPC Mac OS X Mach-O; en-US; rv:1.8.1.20) Gecko/20081217 Firefox/2.0.0.20"
208.109.80.101 - - [27/Aug/2009:09:40:32 -0700] "GET valleyplanet.com/images/contentbg.jpg HTTP/1.1" 304 - "http://valleyplanet.com.previewdns.com/design.css" "Mozilla/5.0 (Macintosh; U; PPC Mac OS X Mach-O; en-US; rv:1.8.1.20) Gecko/20081217 Firefox/2.0.0.20"
208.109.80.102 - - [27/Aug/2009:09:40:32 -0700] "GET valleyplanet.com/images/linkbg.jpg HTTP/1.1" 304 - "http://valleyplanet.com.previewdns.com/design.css" "Mozilla/5.0 (Macintosh; U; PPC Mac OS X Mach-O; en-US; rv:1.8.1.20) Gecko/20081217 Firefox/2.0.0.20"
208.109.80.101 - - [27/Aug/2009:09:40:32 -0700] "GET valleyplanet.com/images/linkbg2.jpg HTTP/1.1" 304 - "http://valleyplanet.com.previewdns.com/store.php" "Mozilla/5.0 (Macintosh; U; PPC Mac OS X Mach-O; en-US; rv:1.8.1.20) Gecko/20081217 Firefox/2.0.0.20"
208.109.80.102 - - [27/Aug/2009:09:40:32 -0700] "GET valleyplanet.com/images/footer.jpg HTTP/1.1" 304 - "http://valleyplanet.com.previewdns.com/design.css" "Mozilla/5.0 (Macintosh; U; PPC Mac OS X Mach-O; en-US; rv:1.8.1.20) Gecko/20081217 Firefox/2.0.0.20"
208.109.80.102 - - [27/Aug/2009:09:40:48 -0700] "GET valleyplanet.com/store.php HTTP/1.1" 200 18235 "-" "Mozilla/5.0 (Macintosh; U; PPC Mac OS X Mach-O; en-US; rv:1.8.1.20) Gecko/20081217 Firefox/2.0.0.20"
208.109.80.101 - - [27/Aug/2009:09:40:48 -0700] "GET valleyplanet.com/design.css HTTP/1.1" 304 - "http://valleyplanet.com.previewdns.com/store.php" "Mozilla/5.0 (Macintosh; U; PPC Mac OS X Mach-O; en-US; rv:1.8.1.20) Gecko/20081217 Firefox/2.0.0.20"
208.109.80.101 - - [27/Aug/2009:09:40:48 -0700] "GET valleyplanet.com/TypingText.js HTTP/1.1" 404 1695 "http://valleyplanet.com.previewdns.com/store.php" "Mozilla/5.0 (Macintosh; U; PPC Mac OS X Mach-O; en-US; rv:1.8.1.20) Gecko/20081217 Firefox/2.0.0.20"
208.109.80.102 - - [27/Aug/2009:09:40:49 -0700] "GET valleyplanet.com/images/bg.jpg HTTP/1.1" 304 - "http://valleyplanet.com.previewdns.com/design.css" "Mozilla/5.0 (Macintosh; U; PPC Mac OS X Mach-O; en-US; rv:1.8.1.20) Gecko/20081217 Firefox/2.0.0.20"
208.109.80.101 - - [27/Aug/2009:09:40:49 -0700] "GET valleyplanet.com/images/adimage.php.gif HTTP/1.1" 200 87015 "http://valleyplanet.com.previewdns.com/store.php" "Mozilla/5.0 (Macintosh; U; PPC Mac OS X Mach-O; en-US; rv:1.8.1.20) Gecko/20081217 Firefox/2.0.0.20"
208.109.80.102 - - [27/Aug/2009:09:40:49 -0700] "GET valleyplanet.com/images/home.gif HTTP/1.1" 304 - "http://valleyplanet.com.previewdns.com/store.php" "Mozilla/5.0 (Macintosh; U; PPC Mac OS X Mach-O; en-US; rv:1.8.1.20) Gecko/20081217 Firefox/2.0.0.20"
208.109.80.102 - - [27/Aug/2009:09:40:49 -0700] "GET valleyplanet.com/images/store/1.jpg HTTP/1.1" 304 - "http://valleyplanet.com.previewdns.com/store.php" "Mozilla/5.0 (Macintosh; U; PPC Mac OS X Mach-O; en-US; rv:1.8.1.20) Gecko/20081217 Firefox/2.0.0.20"
208.109.80.102 - - [27/Aug/2009:09:40:49 -0700] "GET valleyplanet.com/images/store/1b.jpg HTTP/1.1" 304 - "http://valleyplanet.com.previewdns.com/store.php" "Mozilla/5.0 (Macintosh; U; PPC Mac OS X Mach-O; en-US; rv:1.8.1.20) Gecko/20081217 Firefox/2.0.0.20"
208.109.80.102 - - [27/Aug/2009:09:40:49 -0700] "GET valleyplanet.com/images/store/2.jpg HTTP/1.1" 304 - "http://valleyplanet.com.previewdns.com/store.php" "Mozilla/5.0 (Macintosh; U; PPC Mac OS X Mach-O; en-US; rv:1.8.1.20) Gecko/20081217 Firefox/2.0.0.20"
208.109.80.102 - - [27/Aug/2009:09:40:49 -0700] "GET valleyplanet.com/images/store/2b.jpg HTTP/1.1" 304 - "http://valleyplanet.com.previewdns.com/store.php" "Mozilla/5.0 (Macintosh; U; PPC Mac OS X Mach-O; en-US; rv:1.8.1.20) Gecko/20081217 Firefox/2.0.0.20"
208.109.80.101 - - [27/Aug/2009:09:40:49 -0700] "GET valleyplanet.com/images/store/3.jpg HTTP/1.1" 304 - "http://valleyplanet.com.previewdns.com/store.php" "Mozilla/5.0 (Macintosh; U; PPC Mac OS X Mach-O; en-US; rv:1.8.1.20) Gecko/20081217 Firefox/2.0.0.20"
208.109.80.102 - - [27/Aug/2009:09:40:49 -0700] "GET valleyplanet.com/images/adimage2.php.gif HTTP/1.1" 200 15594 "http://valleyplanet.com.previewdns.com/store.php" "Mozilla/5.0 (Macintosh; U; PPC Mac OS X Mach-O; en-US; rv:1.8.1.20) Gecko/20081217 Firefox/2.0.0.20"
208.109.80.101 - - [27/Aug/2009:09:40:49 -0700] "GET valleyplanet.com/images/adimage3.gif HTTP/1.1" 304 - "http://valleyplanet.com.previewdns.com/store.php" "Mozilla/5.0 (Macintosh; U; PPC Mac OS X Mach-O; en-US; rv:1.8.1.20) Gecko/20081217 Firefox/2.0.0.20"
208.109.80.101 - - [27/Aug/2009:09:40:49 -0700] "GET valleyplanet.com/images/header.jpg HTTP/1.1" 304 - "http://valleyplanet.com.previewdns.com/design.css" "Mozilla/5.0 (Macintosh; U; PPC Mac OS X Mach-O; en-US; rv:1.8.1.20) Gecko/20081217 Firefox/2.0.0.20"
208.109.80.101 - - [27/Aug/2009:09:40:50 -0700] "GET valleyplanet.com/images/contentbg.jpg HTTP/1.1" 304 - "http://valleyplanet.com.previewdns.com/design.css" "Mozilla/5.0 (Macintosh; U; PPC Mac OS X Mach-O; en-US; rv:1.8.1.20) Gecko/20081217 Firefox/2.0.0.20"
208.109.80.102 - - [27/Aug/2009:09:40:50 -0700] "GET valleyplanet.com/images/linkbg.jpg HTTP/1.1" 304 - "http://valleyplanet.com.previewdns.com/design.css" "Mozilla/5.0 (Macintosh; U; PPC Mac OS X Mach-O; en-US; rv:1.8.1.20) Gecko/20081217 Firefox/2.0.0.20"
208.109.80.101 - - [27/Aug/2009:09:40:50 -0700] "GET valleyplanet.com/images/linkbg2.jpg HTTP/1.1" 304 - "http://valleyplanet.com.previewdns.com/store.php" "Mozilla/5.0 (Macintosh; U; PPC Mac OS X Mach-O; en-US; rv:1.8.1.20) Gecko/20081217 Firefox/2.0.0.20"
208.109.80.102 - - [27/Aug/2009:09:40:50 -0700] "GET valleyplanet.com/images/footer.jpg HTTP/1.1" 304 - "http://valleyplanet.com.previewdns.com/design.css" "Mozilla/5.0 (Macintosh; U; PPC Mac OS X Mach-O; en-US; rv:1.8.1.20) Gecko/20081217 Firefox/2.0.0.20"
208.109.80.102 - - [27/Aug/2009:09:41:04 -0700] "GET valleyplanet.com/store.php HTTP/1.1" 200 18276 "-" "Mozilla/5.0 (Macintosh; U; PPC Mac OS X Mach-O; en-US; rv:1.8.1.20) Gecko/20081217 Firefox/2.0.0.20"
208.109.80.101 - - [27/Aug/2009:09:41:04 -0700] "GET valleyplanet.com/design.css HTTP/1.1" 304 - "http://valleyplanet.com.previewdns.com/store.php" "Mozilla/5.0 (Macintosh; U; PPC Mac OS X Mach-O; en-US; rv:1.8.1.20) Gecko/20081217 Firefox/2.0.0.20"
208.109.80.102 - - [27/Aug/2009:09:41:04 -0700] "GET valleyplanet.com/TypingText.js HTTP/1.1" 404 1695 "http://valleyplanet.com.previewdns.com/store.php" "Mozilla/5.0 (Macintosh; U; PPC Mac OS X Mach-O; en-US; rv:1.8.1.20) Gecko/20081217 Firefox/2.0.0.20"
208.109.80.101 - - [27/Aug/2009:09:41:05 -0700] "GET valleyplanet.com/images/bg.jpg HTTP/1.1" 304 - "http://valleyplanet.com.previewdns.com/design.css" "Mozilla/5.0 (Macintosh; U; PPC Mac OS X Mach-O; en-US; rv:1.8.1.20) Gecko/20081217 Firefox/2.0.0.20"
208.109.80.102 - - [27/Aug/2009:09:41:05 -0700] "GET valleyplanet.com/images/adimage.php.gif HTTP/1.1" 200 87009 "http://valleyplanet.com.previewdns.com/store.php" "Mozilla/5.0 (Macintosh; U; PPC Mac OS X Mach-O; en-US; rv:1.8.1.20) Gecko/20081217 Firefox/2.0.0.20"
208.109.80.101 - - [27/Aug/2009:09:41:05 -0700] "GET valleyplanet.com/images/home.gif HTTP/1.1" 304 - "http://valleyplanet.com.previewdns.com/store.php" "Mozilla/5.0 (Macintosh; U; PPC Mac OS X Mach-O; en-US; rv:1.8.1.20) Gecko/20081217 Firefox/2.0.0.20"
208.109.80.101 - - [27/Aug/2009:09:41:05 -0700] "GET valleyplanet.com/images/store/1.jpg HTTP/1.1" 304 - "http://valleyplanet.com.previewdns.com/store.php" "Mozilla/5.0 (Macintosh; U; PPC Mac OS X Mach-O; en-US; rv:1.8.1.20) Gecko/20081217 Firefox/2.0.0.20"
208.109.80.101 - - [27/Aug/2009:09:41:05 -0700] "GET valleyplanet.com/images/store/1b.jpg HTTP/1.1" 304 - "http://valleyplanet.com.previewdns.com/store.php" "Mozilla/5.0 (Macintosh; U; PPC Mac OS X Mach-O; en-US; rv:1.8.1.20) Gecko/20081217 Firefox/2.0.0.20"
208.109.80.102 - - [27/Aug/2009:09:41:05 -0700] "GET valleyplanet.com/images/store/2.jpg HTTP/1.1" 304 - "http://valleyplanet.com.previewdns.com/store.php" "Mozilla/5.0 (Macintosh; U; PPC Mac OS X Mach-O; en-US; rv:1.8.1.20) Gecko/20081217 Firefox/2.0.0.20"
208.109.80.101 - - [27/Aug/2009:09:41:05 -0700] "GET valleyplanet.com/images/store/2b.jpg HTTP/1.1" 304 - "http://valleyplanet.com.previewdns.com/store.php" "Mozilla/5.0 (Macintosh; U; PPC Mac OS X Mach-O; en-US; rv:1.8.1.20) Gecko/20081217 Firefox/2.0.0.20"
208.109.80.102 - - [27/Aug/2009:09:41:05 -0700] "GET valleyplanet.com/images/store/3.jpg HTTP/1.1" 304 - "http://valleyplanet.com.previewdns.com/store.php" "Mozilla/5.0 (Macintosh; U; PPC Mac OS X Mach-O; en-US; rv:1.8.1.20) Gecko/20081217 Firefox/2.0.0.20"
208.109.80.101 - - [27/Aug/2009:09:41:05 -0700] "GET valleyplanet.com/images/adimage2.php.gif HTTP/1.1" 200 15830 "http://valleyplanet.com.previewdns.com/store.php" "Mozilla/5.0 (Macintosh; U; PPC Mac OS X Mach-O; en-US; rv:1.8.1.20) Gecko/20081217 Firefox/2.0.0.20"
208.109.80.102 - - [27/Aug/2009:09:41:05 -0700] "GET valleyplanet.com/images/adimage3.gif HTTP/1.1" 304 - "http://valleyplanet.com.previewdns.com/store.php" "Mozilla/5.0 (Macintosh; U; PPC Mac OS X Mach-O; en-US; rv:1.8.1.20) Gecko/20081217 Firefox/2.0.0.20"
208.109.80.102 - - [27/Aug/2009:09:41:05 -0700] "GET valleyplanet.com/images/header.jpg HTTP/1.1" 304 - "http://valleyplanet.com.previewdns.com/design.css" "Mozilla/5.0 (Macintosh; U; PPC Mac OS X Mach-O; en-US; rv:1.8.1.20) Gecko/20081217 Firefox/2.0.0.20"
208.109.80.102 - - [27/Aug/2009:09:41:05 -0700] "GET valleyplanet.com/images/contentbg.jpg HTTP/1.1" 304 - "http://valleyplanet.com.previewdns.com/design.css" "Mozilla/5.0 (Macintosh; U; PPC Mac OS X Mach-O; en-US; rv:1.8.1.20) Gecko/20081217 Firefox/2.0.0.20"
208.109.80.102 - - [27/Aug/2009:09:41:05 -0700] "GET valleyplanet.com/images/linkbg.jpg HTTP/1.1" 304 - "http://valleyplanet.com.previewdns.com/design.css" "Mozilla/5.0 (Macintosh; U; PPC Mac OS X Mach-O; en-US; rv:1.8.1.20) Gecko/20081217 Firefox/2.0.0.20"
208.109.80.101 - - [27/Aug/2009:09:41:05 -0700] "GET valleyplanet.com/images/linkbg2.jpg HTTP/1.1" 304 - "http://valleyplanet.com.previewdns.com/store.php" "Mozilla/5.0 (Macintosh; U; PPC Mac OS X Mach-O; en-US; rv:1.8.1.20) Gecko/20081217 Firefox/2.0.0.20"
208.109.80.102 - - [27/Aug/2009:09:41:06 -0700] "GET valleyplanet.com/images/footer.jpg HTTP/1.1" 304 - "http://valleyplanet.com.previewdns.com/design.css" "Mozilla/5.0 (Macintosh; U; PPC Mac OS X Mach-O; en-US; rv:1.8.1.20) Gecko/20081217 Firefox/2.0.0.20"
208.109.80.101 - - [27/Aug/2009:09:41:17 -0700] "GET valleyplanet.com/store.php HTTP/1.1" 200 18247 "-" "Mozilla/5.0 (Macintosh; U; PPC Mac OS X Mach-O; en-US; rv:1.8.1.20) Gecko/20081217 Firefox/2.0.0.20"
208.109.80.101 - - [27/Aug/2009:09:41:18 -0700] "GET valleyplanet.com/design.css HTTP/1.1" 304 - "http://valleyplanet.com.previewdns.com/store.php" "Mozilla/5.0 (Macintosh; U; PPC Mac OS X Mach-O; en-US; rv:1.8.1.20) Gecko/20081217 Firefox/2.0.0.20"
208.109.80.101 - - [27/Aug/2009:09:41:18 -0700] "GET valleyplanet.com/TypingText.js HTTP/1.1" 404 1695 "http://valleyplanet.com.previewdns.com/store.php" "Mozilla/5.0 (Macintosh; U; PPC Mac OS X Mach-O; en-US; rv:1.8.1.20) Gecko/20081217 Firefox/2.0.0.20"
208.109.80.101 - - [27/Aug/2009:09:41:18 -0700] "GET valleyplanet.com/images/bg.jpg HTTP/1.1" 304 - "http://valleyplanet.com.previewdns.com/design.css" "Mozilla/5.0 (Macintosh; U; PPC Mac OS X Mach-O; en-US; rv:1.8.1.20) Gecko/20081217 Firefox/2.0.0.20"
208.109.80.101 - - [27/Aug/2009:09:41:18 -0700] "GET valleyplanet.com/images/adimage.php.gif HTTP/1.1" 200 87015 "http://valleyplanet.com.previewdns.com/store.php" "Mozilla/5.0 (Macintosh; U; PPC Mac OS X Mach-O; en-US; rv:1.8.1.20) Gecko/20081217 Firefox/2.0.0.20"
208.109.80.101 - - [27/Aug/2009:09:41:18 -0700] "GET valleyplanet.com/images/home.gif HTTP/1.1" 304 - "http://valleyplanet.com.previewdns.com/store.php" "Mozilla/5.0 (Macintosh; U; PPC Mac OS X Mach-O; en-US; rv:1.8.1.20) Gecko/20081217 Firefox/2.0.0.20"
208.109.80.101 - - [27/Aug/2009:09:41:18 -0700] "GET valleyplanet.com/images/store/1.jpg HTTP/1.1" 304 - "http://valleyplanet.com.previewdns.com/store.php" "Mozilla/5.0 (Macintosh; U; PPC Mac OS X Mach-O; en-US; rv:1.8.1.20) Gecko/20081217 Firefox/2.0.0.20"
208.109.80.101 - - [27/Aug/2009:09:41:18 -0700] "GET valleyplanet.com/images/store/1b.jpg HTTP/1.1" 304 - "http://valleyplanet.com.previewdns.com/store.php" "Mozilla/5.0 (Macintosh; U; PPC Mac OS X Mach-O; en-US; rv:1.8.1.20) Gecko/20081217 Firefox/2.0.0.20"
208.109.80.101 - - [27/Aug/2009:09:41:18 -0700] "GET valleyplanet.com/images/store/2.jpg HTTP/1.1" 304 - "http://valleyplanet.com.previewdns.com/store.php" "Mozilla/5.0 (Macintosh; U; PPC Mac OS X Mach-O; en-US; rv:1.8.1.20) Gecko/20081217 Firefox/2.0.0.20"
208.109.80.101 - - [27/Aug/2009:09:41:18 -0700] "GET valleyplanet.com/images/store/2b.jpg HTTP/1.1" 304 - "http://valleyplanet.com.previewdns.com/store.php" "Mozilla/5.0 (Macintosh; U; PPC Mac OS X Mach-O; en-US; rv:1.8.1.20) Gecko/20081217 Firefox/2.0.0.20"
208.109.80.101 - - [27/Aug/2009:09:41:18 -0700] "GET valleyplanet.com/images/store/3.jpg HTTP/1.1" 304 - "http://valleyplanet.com.previewdns.com/store.php" "Mozilla/5.0 (Macintosh; U; PPC Mac OS X Mach-O; en-US; rv:1.8.1.20) Gecko/20081217 Firefox/2.0.0.20"
208.109.80.101 - - [27/Aug/2009:09:41:19 -0700] "GET valleyplanet.com/images/adimage2.php.gif HTTP/1.1" 200 15587 "http://valleyplanet.com.previewdns.com/store.php" "Mozilla/5.0 (Macintosh; U; PPC Mac OS X Mach-O; en-US; rv:1.8.1.20) Gecko/20081217 Firefox/2.0.0.20"
208.109.80.101 - - [27/Aug/2009:09:41:19 -0700] "GET valleyplanet.com/images/adimage3.gif HTTP/1.1" 304 - "http://valleyplanet.com.previewdns.com/store.php" "Mozilla/5.0 (Macintosh; U; PPC Mac OS X Mach-O; en-US; rv:1.8.1.20) Gecko/20081217 Firefox/2.0.0.20"
208.109.80.101 - - [27/Aug/2009:09:41:19 -0700] "GET valleyplanet.com/images/header.jpg HTTP/1.1" 304 - "http://valleyplanet.com.previewdns.com/design.css" "Mozilla/5.0 (Macintosh; U; PPC Mac OS X Mach-O; en-US; rv:1.8.1.20) Gecko/20081217 Firefox/2.0.0.20"
208.109.80.101 - - [27/Aug/2009:09:41:19 -0700] "GET valleyplanet.com/images/contentbg.jpg HTTP/1.1" 304 - "http://valleyplanet.com.previewdns.com/design.css" "Mozilla/5.0 (Macintosh; U; PPC Mac OS X Mach-O; en-US; rv:1.8.1.20) Gecko/20081217 Firefox/2.0.0.20"
208.109.80.101 - - [27/Aug/2009:09:41:19 -0700] "GET valleyplanet.com/images/linkbg.jpg HTTP/1.1" 304 - "http://valleyplanet.com.previewdns.com/design.css" "Mozilla/5.0 (Macintosh; U; PPC Mac OS X Mach-O; en-US; rv:1.8.1.20) Gecko/20081217 Firefox/2.0.0.20"
208.109.80.101 - - [27/Aug/2009:09:41:19 -0700] "GET valleyplanet.com/images/linkbg2.jpg HTTP/1.1" 304 - "http://valleyplanet.com.previewdns.com/store.php" "Mozilla/5.0 (Macintosh; U; PPC Mac OS X Mach-O; en-US; rv:1.8.1.20) Gecko/20081217 Firefox/2.0.0.20"
208.109.80.101 - - [27/Aug/2009:09:41:19 -0700] "GET valleyplanet.com/images/footer.jpg HTTP/1.1" 304 - "http://valleyplanet.com.previewdns.com/design.css" "Mozilla/5.0 (Macintosh; U; PPC Mac OS X Mach-O; en-US; rv:1.8.1.20) Gecko/20081217 Firefox/2.0.0.20"
208.109.80.101 - - [27/Aug/2009:09:41:43 -0700] "GET valleyplanet.com/admin.php HTTP/1.1" 200 7345 "http://valleyplanet.com.previewdns.com/store.php" "Mozilla/5.0 (Macintosh; U; PPC Mac OS X Mach-O; en-US; rv:1.8.1.20) Gecko/20081217 Firefox/2.0.0.20"
208.109.80.101 - - [27/Aug/2009:09:41:44 -0700] "GET valleyplanet.com/images/adimage.php.gif HTTP/1.1" 200 87064 "http://valleyplanet.com.previewdns.com/admin.php" "Mozilla/5.0 (Macintosh; U; PPC Mac OS X Mach-O; en-US; rv:1.8.1.20) Gecko/20081217 Firefox/2.0.0.20"
208.109.80.102 - - [27/Aug/2009:09:41:44 -0700] "GET valleyplanet.com/images/adimage2.php.gif HTTP/1.1" 200 15830 "http://valleyplanet.com.previewdns.com/admin.php" "Mozilla/5.0 (Macintosh; U; PPC Mac OS X Mach-O; en-US; rv:1.8.1.20) Gecko/20081217 Firefox/2.0.0.20"
208.109.80.102 - - [27/Aug/2009:09:41:47 -0700] "POST valleyplanet.com/admin_menu.php HTTP/1.1" 200 13532 "http://valleyplanet.com.previewdns.com/admin.php" "Mozilla/5.0 (Macintosh; U; PPC Mac OS X Mach-O; en-US; rv:1.8.1.20) Gecko/20081217 Firefox/2.0.0.20"
208.109.80.101 - - [27/Aug/2009:09:41:47 -0700] "GET valleyplanet.com/images/adimage.php.gif HTTP/1.1" 200 87009 "http://valleyplanet.com.previewdns.com/admin_menu.php" "Mozilla/5.0 (Macintosh; U; PPC Mac OS X Mach-O; en-US; rv:1.8.1.20) Gecko/20081217 Firefox/2.0.0.20"
208.109.80.102 - - [27/Aug/2009:09:41:47 -0700] "GET valleyplanet.com/images/adimage2.php.gif HTTP/1.1" 200 15587 "http://valleyplanet.com.previewdns.com/admin_menu.php" "Mozilla/5.0 (Macintosh; U; PPC Mac OS X Mach-O; en-US; rv:1.8.1.20) Gecko/20081217 Firefox/2.0.0.20"
208.109.80.101 - - [27/Aug/2009:09:41:55 -0700] "POST valleyplanet.com/admin_menu.php HTTP/1.1" 200 5317 "http://valleyplanet.com.previewdns.com/admin_menu.php" "Mozilla/5.0 (Macintosh; U; PPC Mac OS X Mach-O; en-US; rv:1.8.1.20) Gecko/20081217 Firefox/2.0.0.20"
208.109.80.101 - - [27/Aug/2009:09:41:56 -0700] "GET valleyplanet.com/images/adimage.php.gif HTTP/1.1" 200 87016 "http://valleyplanet.com.previewdns.com/admin_menu.php" "Mozilla/5.0 (Macintosh; U; PPC Mac OS X Mach-O; en-US; rv:1.8.1.20) Gecko/20081217 Firefox/2.0.0.20"
208.109.80.102 - - [27/Aug/2009:09:41:56 -0700] "POST valleyplanet.com/admin.php HTTP/1.1" 200 7452 "http://valleyplanet.com.previewdns.com/admin_menu.php" "Mozilla/5.0 (Macintosh; U; PPC Mac OS X Mach-O; en-US; rv:1.8.1.20) Gecko/20081217 Firefox/2.0.0.20"
208.109.80.102 - - [27/Aug/2009:09:41:56 -0700] "GET valleyplanet.com/images/adimage2.php.gif HTTP/1.1" 200 15594 "http://valleyplanet.com.previewdns.com/admin.php" "Mozilla/5.0 (Macintosh; U; PPC Mac OS X Mach-O; en-US; rv:1.8.1.20) Gecko/20081217 Firefox/2.0.0.20"
208.109.80.101 - - [27/Aug/2009:09:41:56 -0700] "GET valleyplanet.com/images/adimage.php.gif HTTP/1.1" 200 87037 "http://valleyplanet.com.previewdns.com/admin.php" "Mozilla/5.0 (Macintosh; U; PPC Mac OS X Mach-O; en-US; rv:1.8.1.20) Gecko/20081217 Firefox/2.0.0.20"
208.109.80.102 - - [27/Aug/2009:09:41:59 -0700] "POST valleyplanet.com/admin_menu.php HTTP/1.1" 200 13573 "http://valleyplanet.com.previewdns.com/admin.php" "Mozilla/5.0 (Macintosh; U; PPC Mac OS X Mach-O; en-US; rv:1.8.1.20) Gecko/20081217 Firefox/2.0.0.20"
208.109.80.101 - - [27/Aug/2009:09:41:59 -0700] "GET valleyplanet.com/images/adimage.php.gif HTTP/1.1" 200 87015 "http://valleyplanet.com.previewdns.com/admin_menu.php" "Mozilla/5.0 (Macintosh; U; PPC Mac OS X Mach-O; en-US; rv:1.8.1.20) Gecko/20081217 Firefox/2.0.0.20"
208.109.80.102 - - [27/Aug/2009:09:41:59 -0700] "GET valleyplanet.com/images/adimage2.php.gif HTTP/1.1" 200 15587 "http://valleyplanet.com.previewdns.com/admin_menu.php" "Mozilla/5.0 (Macintosh; U; PPC Mac OS X Mach-O; en-US; rv:1.8.1.20) Gecko/20081217 Firefox/2.0.0.20"
208.109.80.102 - - [27/Aug/2009:09:43:44 -0700] "POST valleyplanet.com/admin_menu.php HTTP/1.1" 200 13565 "http://valleyplanet.com.previewdns.com/admin.php" "Mozilla/5.0 (Macintosh; U; PPC Mac OS X Mach-O; en-US; rv:1.8.1.20) Gecko/20081217 Firefox/2.0.0.20"
208.109.80.101 - - [27/Aug/2009:09:43:44 -0700] "GET valleyplanet.com/design.css HTTP/1.1" 304 - "http://valleyplanet.com.previewdns.com/admin_menu.php" "Mozilla/5.0 (Macintosh; U; PPC Mac OS X Mach-O; en-US; rv:1.8.1.20) Gecko/20081217 Firefox/2.0.0.20"
208.109.80.102 - - [27/Aug/2009:09:43:45 -0700] "GET valleyplanet.com/images/bg.jpg HTTP/1.1" 304 - "http://valleyplanet.com.previewdns.com/design.css" "Mozilla/5.0 (Macintosh; U; PPC Mac OS X Mach-O; en-US; rv:1.8.1.20) Gecko/20081217 Firefox/2.0.0.20"
208.109.80.101 - - [27/Aug/2009:09:43:45 -0700] "GET valleyplanet.com/images/adimage.php.gif HTTP/1.1" 200 87016 "http://valleyplanet.com.previewdns.com/admin_menu.php" "Mozilla/5.0 (Macintosh; U; PPC Mac OS X Mach-O; en-US; rv:1.8.1.20) Gecko/20081217 Firefox/2.0.0.20"
208.109.80.102 - - [27/Aug/2009:09:43:45 -0700] "GET valleyplanet.com/images/home.gif HTTP/1.1" 304 - "http://valleyplanet.com.previewdns.com/admin_menu.php" "Mozilla/5.0 (Macintosh; U; PPC Mac OS X Mach-O; en-US; rv:1.8.1.20) Gecko/20081217 Firefox/2.0.0.20"
208.109.80.102 - - [27/Aug/2009:09:43:45 -0700] "GET valleyplanet.com/images/adimage2.php.gif HTTP/1.1" 200 15587 "http://valleyplanet.com.previewdns.com/admin_menu.php" "Mozilla/5.0 (Macintosh; U; PPC Mac OS X Mach-O; en-US; rv:1.8.1.20) Gecko/20081217 Firefox/2.0.0.20"
208.109.80.102 - - [27/Aug/2009:09:43:45 -0700] "GET valleyplanet.com/images/adimage3.gif HTTP/1.1" 304 - "http://valleyplanet.com.previewdns.com/admin_menu.php" "Mozilla/5.0 (Macintosh; U; PPC Mac OS X Mach-O; en-US; rv:1.8.1.20) Gecko/20081217 Firefox/2.0.0.20"
208.109.80.102 - - [27/Aug/2009:09:43:45 -0700] "GET valleyplanet.com/images/header.jpg HTTP/1.1" 304 - "http://valleyplanet.com.previewdns.com/design.css" "Mozilla/5.0 (Macintosh; U; PPC Mac OS X Mach-O; en-US; rv:1.8.1.20) Gecko/20081217 Firefox/2.0.0.20"
208.109.80.102 - - [27/Aug/2009:09:43:45 -0700] "GET valleyplanet.com/images/contentbg.jpg HTTP/1.1" 304 - "http://valleyplanet.com.previewdns.com/design.css" "Mozilla/5.0 (Macintosh; U; PPC Mac OS X Mach-O; en-US; rv:1.8.1.20) Gecko/20081217 Firefox/2.0.0.20"
208.109.80.102 - - [27/Aug/2009:09:43:45 -0700] "GET valleyplanet.com/images/linkbg.jpg HTTP/1.1" 304 - "http://valleyplanet.com.previewdns.com/design.css" "Mozilla/5.0 (Macintosh; U; PPC Mac OS X Mach-O; en-US; rv:1.8.1.20) Gecko/20081217 Firefox/2.0.0.20"
208.109.80.101 - - [27/Aug/2009:09:43:45 -0700] "GET valleyplanet.com/images/linkbg2.jpg HTTP/1.1" 304 - "http://valleyplanet.com.previewdns.com/admin_menu.php" "Mozilla/5.0 (Macintosh; U; PPC Mac OS X Mach-O; en-US; rv:1.8.1.20) Gecko/20081217 Firefox/2.0.0.20"
208.109.80.102 - - [27/Aug/2009:09:43:45 -0700] "GET valleyplanet.com/images/footer.jpg HTTP/1.1" 304 - "http://valleyplanet.com.previewdns.com/design.css" "Mozilla/5.0 (Macintosh; U; PPC Mac OS X Mach-O; en-US; rv:1.8.1.20) Gecko/20081217 Firefox/2.0.0.20"
208.109.80.101 - - [27/Aug/2009:09:43:48 -0700] "GET valleyplanet.com/add_product.php HTTP/1.1" 404 1695 "http://valleyplanet.com.previewdns.com/admin_menu.php" "Mozilla/5.0 (Macintosh; U; PPC Mac OS X Mach-O; en-US; rv:1.8.1.20) Gecko/20081217 Firefox/2.0.0.20"
208.109.80.101 - - [27/Aug/2009:09:44:03 -0700] "POST valleyplanet.com/add_product.php HTTP/1.1" 200 69439 "http://valleyplanet.com.previewdns.com/admin_menu.php" "Mozilla/5.0 (Macintosh; U; PPC Mac OS X Mach-O; en-US; rv:1.8.1.20) Gecko/20081217 Firefox/2.0.0.20"
208.109.80.101 - - [27/Aug/2009:09:44:04 -0700] "GET valleyplanet.com/design.css HTTP/1.1" 304 - "http://valleyplanet.com.previewdns.com/add_product.php" "Mozilla/5.0 (Macintosh; U; PPC Mac OS X Mach-O; en-US; rv:1.8.1.20) Gecko/20081217 Firefox/2.0.0.20"
208.109.80.101 - - [27/Aug/2009:09:44:04 -0700] "GET valleyplanet.com/images/bg.jpg HTTP/1.1" 304 - "http://valleyplanet.com.previewdns.com/design.css" "Mozilla/5.0 (Macintosh; U; PPC Mac OS X Mach-O; en-US; rv:1.8.1.20) Gecko/20081217 Firefox/2.0.0.20"
208.109.80.101 - - [27/Aug/2009:09:44:04 -0700] "GET valleyplanet.com/images/home.gif HTTP/1.1" 304 - "http://valleyplanet.com.previewdns.com/add_product.php" "Mozilla/5.0 (Macintosh; U; PPC Mac OS X Mach-O; en-US; rv:1.8.1.20) Gecko/20081217 Firefox/2.0.0.20"
208.109.80.102 - - [27/Aug/2009:09:44:04 -0700] "GET valleyplanet.com/images/adimage.php.gif HTTP/1.1" 200 87015 "http://valleyplanet.com.previewdns.com/add_product.php" "Mozilla/5.0 (Macintosh; U; PPC Mac OS X Mach-O; en-US; rv:1.8.1.20) Gecko/20081217 Firefox/2.0.0.20"
208.109.80.101 - - [27/Aug/2009:09:44:05 -0700] "GET valleyplanet.com/images/header.jpg HTTP/1.1" 304 - "http://valleyplanet.com.previewdns.com/design.css" "Mozilla/5.0 (Macintosh; U; PPC Mac OS X Mach-O; en-US; rv:1.8.1.20) Gecko/20081217 Firefox/2.0.0.20"
208.109.80.101 - - [27/Aug/2009:09:44:05 -0700] "GET valleyplanet.com/images/contentbg.jpg HTTP/1.1" 304 - "http://valleyplanet.com.previewdns.com/design.css" "Mozilla/5.0 (Macintosh; U; PPC Mac OS X Mach-O; en-US; rv:1.8.1.20) Gecko/20081217 Firefox/2.0.0.20"
208.109.80.101 - - [27/Aug/2009:09:44:05 -0700] "GET valleyplanet.com/images/linkbg.jpg HTTP/1.1" 304 - "http://valleyplanet.com.previewdns.com/design.css" "Mozilla/5.0 (Macintosh; U; PPC Mac OS X Mach-O; en-US; rv:1.8.1.20) Gecko/20081217 Firefox/2.0.0.20"
208.109.80.101 - - [27/Aug/2009:09:44:05 -0700] "GET valleyplanet.com/images/linkbg2.jpg HTTP/1.1" 304 - "http://valleyplanet.com.previewdns.com/add_product.php" "Mozilla/5.0 (Macintosh; U; PPC Mac OS X Mach-O; en-US; rv:1.8.1.20) Gecko/20081217 Firefox/2.0.0.20"
208.109.80.102 - - [27/Aug/2009:09:44:05 -0700] "GET valleyplanet.com/images/adimage3.gif HTTP/1.1" 304 - "http://valleyplanet.com.previewdns.com/add_product.php" "Mozilla/5.0 (Macintosh; U; PPC Mac OS X Mach-O; en-US; rv:1.8.1.20) Gecko/20081217 Firefox/2.0.0.20"
208.109.80.101 - - [27/Aug/2009:09:44:05 -0700] "GET valleyplanet.com/images/adimage2.php.gif HTTP/1.1" 200 15830 "http://valleyplanet.com.previewdns.com/add_product.php" "Mozilla/5.0 (Macintosh; U; PPC Mac OS X Mach-O; en-US; rv:1.8.1.20) Gecko/20081217 Firefox/2.0.0.20"
208.109.80.102 - - [27/Aug/2009:09:44:05 -0700] "GET valleyplanet.com/images/footer.jpg HTTP/1.1" 304 - "http://valleyplanet.com.previewdns.com/design.css" "Mozilla/5.0 (Macintosh; U; PPC Mac OS X Mach-O; en-US; rv:1.8.1.20) Gecko/20081217 Firefox/2.0.0.20"
208.109.80.102 - - [27/Aug/2009:09:44:57 -0700] "POST valleyplanet.com/add_product.php HTTP/1.1" 200 65261 "http://valleyplanet.com.previewdns.com/admin_menu.php" "Mozilla/5.0 (Macintosh; U; PPC Mac OS X Mach-O; en-US; rv:1.8.1.20) Gecko/20081217 Firefox/2.0.0.20"
208.109.80.102 - - [27/Aug/2009:09:44:58 -0700] "GET valleyplanet.com/design.css HTTP/1.1" 304 - "http://valleyplanet.com.previewdns.com/add_product.php" "Mozilla/5.0 (Macintosh; U; PPC Mac OS X Mach-O; en-US; rv:1.8.1.20) Gecko/20081217 Firefox/2.0.0.20"
208.109.80.102 - - [27/Aug/2009:09:44:58 -0700] "GET valleyplanet.com/images/bg.jpg HTTP/1.1" 304 - "http://valleyplanet.com.previewdns.com/design.css" "Mozilla/5.0 (Macintosh; U; PPC Mac OS X Mach-O; en-US; rv:1.8.1.20) Gecko/20081217 Firefox/2.0.0.20"
208.109.80.102 - - [27/Aug/2009:09:44:58 -0700] "GET valleyplanet.com/images/home.gif HTTP/1.1" 304 - "http://valleyplanet.com.previewdns.com/add_product.php" "Mozilla/5.0 (Macintosh; U; PPC Mac OS X Mach-O; en-US; rv:1.8.1.20) Gecko/20081217 Firefox/2.0.0.20"
208.109.80.101 - - [27/Aug/2009:09:44:58 -0700] "GET valleyplanet.com/images/adimage.php.gif HTTP/1.1" 200 87099 "http://valleyplanet.com.previewdns.com/add_product.php" "Mozilla/5.0 (Macintosh; U; PPC Mac OS X Mach-O; en-US; rv:1.8.1.20) Gecko/20081217 Firefox/2.0.0.20"
208.109.80.102 - - [27/Aug/2009:09:44:58 -0700] "GET valleyplanet.com/images/header.jpg HTTP/1.1" 304 - "http://valleyplanet.com.previewdns.com/design.css" "Mozilla/5.0 (Macintosh; U; PPC Mac OS X Mach-O; en-US; rv:1.8.1.20) Gecko/20081217 Firefox/2.0.0.20"
208.109.80.102 - - [27/Aug/2009:09:44:58 -0700] "GET valleyplanet.com/images/contentbg.jpg HTTP/1.1" 304 - "http://valleyplanet.com.previewdns.com/design.css" "Mozilla/5.0 (Macintosh; U; PPC Mac OS X Mach-O; en-US; rv:1.8.1.20) Gecko/20081217 Firefox/2.0.0.20"
208.109.80.102 - - [27/Aug/2009:09:44:59 -0700] "GET valleyplanet.com/images/adimage2.php.gif HTTP/1.1" 200 15830 "http://valleyplanet.com.previewdns.com/add_product.php" "Mozilla/5.0 (Macintosh; U; PPC Mac OS X Mach-O; en-US; rv:1.8.1.20) Gecko/20081217 Firefox/2.0.0.20"
208.109.80.102 - - [27/Aug/2009:09:44:59 -0700] "GET valleyplanet.com/images/adimage3.gif HTTP/1.1" 304 - "http://valleyplanet.com.previewdns.com/add_product.php" "Mozilla/5.0 (Macintosh; U; PPC Mac OS X Mach-O; en-US; rv:1.8.1.20) Gecko/20081217 Firefox/2.0.0.20"
208.109.80.101 - - [27/Aug/2009:09:44:59 -0700] "GET valleyplanet.com/images/linkbg.jpg HTTP/1.1" 304 - "http://valleyplanet.com.previewdns.com/design.css" "Mozilla/5.0 (Macintosh; U; PPC Mac OS X Mach-O; en-US; rv:1.8.1.20) Gecko/20081217 Firefox/2.0.0.20"
208.109.80.102 - - [27/Aug/2009:09:44:59 -0700] "GET valleyplanet.com/images/linkbg2.jpg HTTP/1.1" 304 - "http://valleyplanet.com.previewdns.com/add_product.php" "Mozilla/5.0 (Macintosh; U; PPC Mac OS X Mach-O; en-US; rv:1.8.1.20) Gecko/20081217 Firefox/2.0.0.20"
208.109.80.101 - - [27/Aug/2009:09:44:59 -0700] "GET valleyplanet.com/images/footer.jpg HTTP/1.1" 304 - "http://valleyplanet.com.previewdns.com/design.css" "Mozilla/5.0 (Macintosh; U; PPC Mac OS X Mach-O; en-US; rv:1.8.1.20) Gecko/20081217 Firefox/2.0.0.20"
208.109.80.102 - - [27/Aug/2009:09:45:19 -0700] "POST valleyplanet.com/add_product.php HTTP/1.1" 200 68068 "http://valleyplanet.com.previewdns.com/admin_menu.php" "Mozilla/5.0 (Macintosh; U; PPC Mac OS X Mach-O; en-US; rv:1.8.1.20) Gecko/20081217 Firefox/2.0.0.20"
208.109.80.101 - - [27/Aug/2009:09:45:19 -0700] "GET valleyplanet.com/design.css HTTP/1.1" 304 - "http://valleyplanet.com.previewdns.com/add_product.php" "Mozilla/5.0 (Macintosh; U; PPC Mac OS X Mach-O; en-US; rv:1.8.1.20) Gecko/20081217 Firefox/2.0.0.20"
208.109.80.101 - - [27/Aug/2009:09:45:19 -0700] "GET valleyplanet.com/images/bg.jpg HTTP/1.1" 304 - "http://valleyplanet.com.previewdns.com/design.css" "Mozilla/5.0 (Macintosh; U; PPC Mac OS X Mach-O; en-US; rv:1.8.1.20) Gecko/20081217 Firefox/2.0.0.20"
208.109.80.102 - - [27/Aug/2009:09:45:20 -0700] "GET valleyplanet.com/images/adimage.php.gif HTTP/1.1" 200 87015 "http://valleyplanet.com.previewdns.com/add_product.php" "Mozilla/5.0 (Macintosh; U; PPC Mac OS X Mach-O; en-US; rv:1.8.1.20) Gecko/20081217 Firefox/2.0.0.20"
208.109.80.101 - - [27/Aug/2009:09:45:20 -0700] "GET valleyplanet.com/images/home.gif HTTP/1.1" 304 - "http://valleyplanet.com.previewdns.com/add_product.php" "Mozilla/5.0 (Macintosh; U; PPC Mac OS X Mach-O; en-US; rv:1.8.1.20) Gecko/20081217 Firefox/2.0.0.20"
208.109.80.101 - - [27/Aug/2009:09:45:20 -0700] "GET valleyplanet.com/images/header.jpg HTTP/1.1" 304 - "http://valleyplanet.com.previewdns.com/design.css" "Mozilla/5.0 (Macintosh; U; PPC Mac OS X Mach-O; en-US; rv:1.8.1.20) Gecko/20081217 Firefox/2.0.0.20"
208.109.80.101 - - [27/Aug/2009:09:45:20 -0700] "GET valleyplanet.com/images/contentbg.jpg HTTP/1.1" 304 - "http://valleyplanet.com.previewdns.com/design.css" "Mozilla/5.0 (Macintosh; U; PPC Mac OS X Mach-O; en-US; rv:1.8.1.20) Gecko/20081217 Firefox/2.0.0.20"
208.109.80.101 - - [27/Aug/2009:09:45:20 -0700] "GET valleyplanet.com/images/linkbg.jpg HTTP/1.1" 304 - "http://valleyplanet.com.previewdns.com/design.css" "Mozilla/5.0 (Macintosh; U; PPC Mac OS X Mach-O; en-US; rv:1.8.1.20) Gecko/20081217 Firefox/2.0.0.20"
208.109.80.101 - - [27/Aug/2009:09:45:20 -0700] "GET valleyplanet.com/images/adimage2.php.gif HTTP/1.1" 200 15594 "http://valleyplanet.com.previewdns.com/add_product.php" "Mozilla/5.0 (Macintosh; U; PPC Mac OS X Mach-O; en-US; rv:1.8.1.20) Gecko/20081217 Firefox/2.0.0.20"
208.109.80.101 - - [27/Aug/2009:09:45:20 -0700] "GET valleyplanet.com/images/adimage3.gif HTTP/1.1" 304 - "http://valleyplanet.com.previewdns.com/add_product.php" "Mozilla/5.0 (Macintosh; U; PPC Mac OS X Mach-O; en-US; rv:1.8.1.20) Gecko/20081217 Firefox/2.0.0.20"
208.109.80.102 - - [27/Aug/2009:09:45:20 -0700] "GET valleyplanet.com/images/linkbg2.jpg HTTP/1.1" 304 - "http://valleyplanet.com.previewdns.com/add_product.php" "Mozilla/5.0 (Macintosh; U; PPC Mac OS X Mach-O; en-US; rv:1.8.1.20) Gecko/20081217 Firefox/2.0.0.20"
208.109.80.101 - - [27/Aug/2009:09:45:20 -0700] "GET valleyplanet.com/images/footer.jpg HTTP/1.1" 304 - "http://valleyplanet.com.previewdns.com/design.css" "Mozilla/5.0 (Macintosh; U; PPC Mac OS X Mach-O; en-US; rv:1.8.1.20) Gecko/20081217 Firefox/2.0.0.20"
208.109.80.101 - - [27/Aug/2009:09:48:34 -0700] "POST valleyplanet.com/add_product.php HTTP/1.1" 200 7619 "http://valleyplanet.com.previewdns.com/admin_menu.php" "Mozilla/5.0 (Macintosh; U; PPC Mac OS X Mach-O; en-US; rv:1.8.1.20) Gecko/20081217 Firefox/2.0.0.20"
208.109.80.101 - - [27/Aug/2009:09:48:35 -0700] "GET valleyplanet.com/design.css HTTP/1.1" 304 - "http://valleyplanet.com.previewdns.com/add_product.php" "Mozilla/5.0 (Macintosh; U; PPC Mac OS X Mach-O; en-US; rv:1.8.1.20) Gecko/20081217 Firefox/2.0.0.20"
208.109.80.101 - - [27/Aug/2009:09:48:35 -0700] "GET valleyplanet.com/images/bg.jpg HTTP/1.1" 304 - "http://valleyplanet.com.previewdns.com/design.css" "Mozilla/5.0 (Macintosh; U; PPC Mac OS X Mach-O; en-US; rv:1.8.1.20) Gecko/20081217 Firefox/2.0.0.20"
208.109.80.101 - - [27/Aug/2009:09:48:35 -0700] "GET valleyplanet.com/images/home.gif HTTP/1.1" 304 - "http://valleyplanet.com.previewdns.com/add_product.php" "Mozilla/5.0 (Macintosh; U; PPC Mac OS X Mach-O; en-US; rv:1.8.1.20) Gecko/20081217 Firefox/2.0.0.20"
208.109.80.101 - - [27/Aug/2009:09:48:35 -0700] "GET valleyplanet.com/images/adimage.php.gif HTTP/1.1" 200 87099 "http://valleyplanet.com.previewdns.com/add_product.php" "Mozilla/5.0 (Macintosh; U; PPC Mac OS X Mach-O; en-US; rv:1.8.1.20) Gecko/20081217 Firefox/2.0.0.20"
208.109.80.101 - - [27/Aug/2009:09:48:35 -0700] "GET valleyplanet.com/images/adimage2.php.gif HTTP/1.1" 200 15587 "http://valleyplanet.com.previewdns.com/add_product.php" "Mozilla/5.0 (Macintosh; U; PPC Mac OS X Mach-O; en-US; rv:1.8.1.20) Gecko/20081217 Firefox/2.0.0.20"
208.109.80.101 - - [27/Aug/2009:09:48:35 -0700] "GET valleyplanet.com/images/adimage3.gif HTTP/1.1" 304 - "http://valleyplanet.com.previewdns.com/add_product.php" "Mozilla/5.0 (Macintosh; U; PPC Mac OS X Mach-O; en-US; rv:1.8.1.20) Gecko/20081217 Firefox/2.0.0.20"
208.109.80.101 - - [27/Aug/2009:09:48:35 -0700] "GET valleyplanet.com/images/header.jpg HTTP/1.1" 304 - "http://valleyplanet.com.previewdns.com/design.css" "Mozilla/5.0 (Macintosh; U; PPC Mac OS X Mach-O; en-US; rv:1.8.1.20) Gecko/20081217 Firefox/2.0.0.20"
208.109.80.101 - - [27/Aug/2009:09:48:35 -0700] "GET valleyplanet.com/images/contentbg.jpg HTTP/1.1" 304 - "http://valleyplanet.com.previewdns.com/design.css" "Mozilla/5.0 (Macintosh; U; PPC Mac OS X Mach-O; en-US; rv:1.8.1.20) Gecko/20081217 Firefox/2.0.0.20"
208.109.80.101 - - [27/Aug/2009:09:48:35 -0700] "GET valleyplanet.com/images/linkbg.jpg HTTP/1.1" 304 - "http://valleyplanet.com.previewdns.com/design.css" "Mozilla/5.0 (Macintosh; U; PPC Mac OS X Mach-O; en-US; rv:1.8.1.20) Gecko/20081217 Firefox/2.0.0.20"
208.109.80.101 - - [27/Aug/2009:09:48:35 -0700] "GET valleyplanet.com/images/linkbg2.jpg HTTP/1.1" 304 - "http://valleyplanet.com.previewdns.com/add_product.php" "Mozilla/5.0 (Macintosh; U; PPC Mac OS X Mach-O; en-US; rv:1.8.1.20) Gecko/20081217 Firefox/2.0.0.20"
208.109.80.101 - - [27/Aug/2009:09:48:35 -0700] "GET valleyplanet.com/images/footer.jpg HTTP/1.1" 304 - "http://valleyplanet.com.previewdns.com/design.css" "Mozilla/5.0 (Macintosh; U; PPC Mac OS X Mach-O; en-US; rv:1.8.1.20) Gecko/20081217 Firefox/2.0.0.20"
208.109.80.102 - - [27/Aug/2009:10:51:07 -0700] "POST valleyplanet.com/add_product.php HTTP/1.1" 200 7893 "http://valleyplanet.com.previewdns.com/admin_menu.php" "Mozilla/5.0 (Macintosh; U; PPC Mac OS X Mach-O; en-US; rv:1.8.1.20) Gecko/20081217 Firefox/2.0.0.20"
208.109.80.102 - - [27/Aug/2009:10:51:08 -0700] "GET valleyplanet.com/design.css HTTP/1.1" 304 - "http://valleyplanet.com.previewdns.com/add_product.php" "Mozilla/5.0 (Macintosh; U; PPC Mac OS X Mach-O; en-US; rv:1.8.1.20) Gecko/20081217 Firefox/2.0.0.20"
208.109.80.102 - - [27/Aug/2009:10:51:09 -0700] "GET valleyplanet.com/images/bg.jpg HTTP/1.1" 304 - "http://valleyplanet.com.previewdns.com/design.css" "Mozilla/5.0 (Macintosh; U; PPC Mac OS X Mach-O; en-US; rv:1.8.1.20) Gecko/20081217 Firefox/2.0.0.20"
208.109.80.102 - - [27/Aug/2009:10:51:09 -0700] "GET valleyplanet.com/images/home.gif HTTP/1.1" 304 - "http://valleyplanet.com.previewdns.com/add_product.php" "Mozilla/5.0 (Macintosh; U; PPC Mac OS X Mach-O; en-US; rv:1.8.1.20) Gecko/20081217 Firefox/2.0.0.20"
208.109.80.101 - - [27/Aug/2009:10:51:09 -0700] "GET valleyplanet.com/images/adimage.php.gif HTTP/1.1" 200 87009 "http://valleyplanet.com.previewdns.com/add_product.php" "Mozilla/5.0 (Macintosh; U; PPC Mac OS X Mach-O; en-US; rv:1.8.1.20) Gecko/20081217 Firefox/2.0.0.20"
208.109.80.102 - - [27/Aug/2009:10:51:09 -0700] "GET valleyplanet.com/images/adimage2.php.gif HTTP/1.1" 200 15594 "http://valleyplanet.com.previewdns.com/add_product.php" "Mozilla/5.0 (Macintosh; U; PPC Mac OS X Mach-O; en-US; rv:1.8.1.20) Gecko/20081217 Firefox/2.0.0.20"
208.109.80.102 - - [27/Aug/2009:10:51:09 -0700] "GET valleyplanet.com/images/adimage3.gif HTTP/1.1" 304 - "http://valleyplanet.com.previewdns.com/add_product.php" "Mozilla/5.0 (Macintosh; U; PPC Mac OS X Mach-O; en-US; rv:1.8.1.20) Gecko/20081217 Firefox/2.0.0.20"
208.109.80.102 - - [27/Aug/2009:10:51:09 -0700] "GET valleyplanet.com/images/header.jpg HTTP/1.1" 304 - "http://valleyplanet.com.previewdns.com/design.css" "Mozilla/5.0 (Macintosh; U; PPC Mac OS X Mach-O; en-US; rv:1.8.1.20) Gecko/20081217 Firefox/2.0.0.20"
208.109.80.102 - - [27/Aug/2009:10:51:09 -0700] "GET valleyplanet.com/images/contentbg.jpg HTTP/1.1" 304 - "http://valleyplanet.com.previewdns.com/design.css" "Mozilla/5.0 (Macintosh; U; PPC Mac OS X Mach-O; en-US; rv:1.8.1.20) Gecko/20081217 Firefox/2.0.0.20"
208.109.80.102 - - [27/Aug/2009:10:51:09 -0700] "GET valleyplanet.com/images/linkbg.jpg HTTP/1.1" 304 - "http://valleyplanet.com.previewdns.com/design.css" "Mozilla/5.0 (Macintosh; U; PPC Mac OS X Mach-O; en-US; rv:1.8.1.20) Gecko/20081217 Firefox/2.0.0.20"
208.109.80.102 - - [27/Aug/2009:10:51:09 -0700] "GET valleyplanet.com/images/linkbg2.jpg HTTP/1.1" 304 - "http://valleyplanet.com.previewdns.com/add_product.php" "Mozilla/5.0 (Macintosh; U; PPC Mac OS X Mach-O; en-US; rv:1.8.1.20) Gecko/20081217 Firefox/2.0.0.20"
